Microchip MPLAB XC8 Compiler V3.00

Linker command line:

-W-3 \
  --edf=C:/Program Files/Microchip/MPLABX/v6.25/packs/Microchip/PIC18Fxxxx_DFP/1.7.171/xc8\pic\dat\20250117225543_en.msgs \
  -cn -h+dist/default/production\projeto-3.X.production.sym \
  --cmf=dist/default/production\projeto-3.X.production.cmf -z -Q18F4550 \
  -oC:\Users\igrej\AppData\Local\Temp\xcAs2ng.\driver_tmp_3.o \
  --defsym=__MPLAB_BUILD=1 --fixupoverflow=error \
  -Mdist/default/production/projeto-3.X.production.map \
  --md=C:\Users\igrej\AppData\Local\Temp\xcAs2ng.\driver_tmp_0.dat -E1 \
  -ver=XC8 Compiler -ACODE=00h-07FFFh -ACONST=00h-07FFFh \
  -ASMALLCONST=0800h-08FFhx120 -AMEDIUMCONST=0800h-07FFFh -ACOMRAM=01h-05Fh \
  -AABS1=00h-07FFh -ABIGRAM=01h-07FFh -ARAM=060h-0FFh,0100h-01FFhx7 \
  -ABANK0=060h-0FFh -ABANK1=0100h-01FFh -ABANK2=0200h-02FFh \
  -ABANK3=0300h-03FFh -ABANK4=0400h-04FFh -ABANK5=0500h-05FFh \
  -ABANK6=0600h-06FFh -ABANK7=0700h-07FFh -ASFR=0F60h-0FFFh \
  -ABIGSFR=0F60h-0FFFh -ACONFIG=0300000h-030000Dh -AIDLOC=0200000h-0200007h \
  -AEEDATA=0F00000h-0F000FFh -peeprom_data=EEDATA \
  -preset_vec=00h,intcode=8h,intcodelo=18h,sivt_lo,sivt_hi=CODE \
  -ppowerup=CODE,init -pramtop=0800h -psmallconst=SMALLCONST \
  -pmediumconst=MEDIUMCONST -pconst=CONST -AFARRAM=00h-00h \
  -prdata=COMRAM,nvrram=COMRAM,nvbit=COMRAM,rbss=COMRAM,rbit=COMRAM \
  -pfarbss=FARRAM,fardata=FARRAM,nvFARRAM=FARRAM \
  -pintsave_regs=BIGRAM,bigbss=BIGRAM,bigdata=BIGRAM -pbss=RAM \
  -pidata=CODE,irdata=CODE,ibigdata=CODE,ifardata=CODE -prparam=COMRAM \
  C:\Users\igrej\AppData\Local\Temp\xcAs2ng.\driver_tmp_14.o \
  dist/default/production\projeto-3.X.production.o 

Object code version is 3.11

Machine type is 18F4550



                Name                               Link     Load   Length Selector   Space Scale
C:\Users\igrej\AppData\Local\Temp\xcAs2ng.\driver_tmp_14.o
                config                           300000   300000        E        0       4
                init                               7FFC     7FFC        4     3FFE       0
                reset_vec                             0        0        4        0       0
dist/default/production\projeto-3.X.production.o
                config                           300000   300000        E        0       4
                smallconst                          800      800       64      400       0
                text33                             34F0     34F0       14      432       0
                text32                             308E     308E       78      432       0
                text31                             34DA     34DA       16      432       0
                text30                             34C4     34C4       16      432       0
                text29                             2DC0     2DC0       D6      432       0
                text28                             343E     343E       38      432       0
                text27                             34AE     34AE       16      432       0
                text26                             31CA     31CA       5E      432       0
                text25                             3498     3498       16      432       0
                text24                             316C     316C       5E      432       0
                text23                             2904     2904      1B4      432       0
                text22                             2148     2148      390      432       0
                text21                             2F40     2F40       AA      432       0
                text20                             2BBE     2BBE      104      432       0
                text19                             1D22     1D22      426      432       0
                text18                             3406     3406       38      432       0
                text17                             186C     186C      4B6      432       0
                text16                             32CE     32CE       46      432       0
                text15                             2AB8     2AB8      106      432       0
                text14                             2CC2     2CC2       FE      432       0
                text13                             26F2     26F2      212      432       0
                text12                             3228     3228       56      432       0
                text11                             327E     327E       50      432       0
                text10                             3504     3504        2      432       0
                text9                              2E96     2E96       AA      432       0
                text8                              3354     3354       40      432       0
                text7                              3106     3106       66      432       0
                text6                              3394     3394       3A      432       0
                text5                               864      864      A4E      432       0
                text4                              2FEA     2FEA       A4      432       0
                text3                              24D8     24D8      21A      432       0
                text2                              3314     3314       40      432       0
                text1                              33CE     33CE       38      432       0
                text0                              12B2     12B2      5BA      432       0
                cstackCOMRAM                          1        1       5F        1       1
                cstackBANK0                          60       60       7F       60       1
                bssBANK1                            100      100       50      100       1
                bssBANK0                             DF       DF        D       60       1
                cinit                              3476     3476       22      432       0

TOTAL           Name                               Link     Load   Length     Space
        CLASS   CODE           
                init                               7FFC     7FFC        4         0
                reset_vec                             0        0        4         0
                text33                             34F0     34F0       14         0
                text32                             308E     308E       78         0
                text31                             34DA     34DA       16         0
                text30                             34C4     34C4       16         0
                text29                             2DC0     2DC0       D6         0
                text28                             343E     343E       38         0
                text27                             34AE     34AE       16         0
                text26                             31CA     31CA       5E         0
                text25                             3498     3498       16         0
                text24                             316C     316C       5E         0
                text23                             2904     2904      1B4         0
                text22                             2148     2148      390         0
                text21                             2F40     2F40       AA         0
                text20                             2BBE     2BBE      104         0
                text19                             1D22     1D22      426         0
                text18                             3406     3406       38         0
                text17                             186C     186C      4B6         0
                text16                             32CE     32CE       46         0
                text15                             2AB8     2AB8      106         0
                text14                             2CC2     2CC2       FE         0
                text13                             26F2     26F2      212         0
                text12                             3228     3228       56         0
                text11                             327E     327E       50         0
                text10                             3504     3504        2         0
                text9                              2E96     2E96       AA         0
                text8                              3354     3354       40         0
                text7                              3106     3106       66         0
                text6                              3394     3394       3A         0
                text5                               864      864      A4E         0
                text4                              2FEA     2FEA       A4         0
                text3                              24D8     24D8      21A         0
                text2                              3314     3314       40         0
                text1                              33CE     33CE       38         0
                text0                              12B2     12B2      5BA         0
                cinit                              3476     3476       22         0

        CLASS   CONST          

        CLASS   SMALLCONST     
                smallconst                          800      800       64         0

        CLASS   MEDIUMCONST    

        CLASS   COMRAM         
                cstackCOMRAM                          1        1       5F         1

        CLASS   ABS1           

        CLASS   BIGRAM         

        CLASS   RAM            

        CLASS   BANK0          
                cstackBANK0                          60       60       7F         1
                bssBANK0                             DF       DF        D         1

        CLASS   BANK1          
                bssBANK1                            100      100       50         1

        CLASS   BANK2          

        CLASS   BANK3          

        CLASS   BANK4          

        CLASS   BANK5          

        CLASS   BANK6          

        CLASS   BANK7          

        CLASS   SFR            

        CLASS   BIGSFR         

        CLASS   CONFIG         
                config                           300000   300000        E         4

        CLASS   IDLOC          

        CLASS   EEDATA         

        CLASS   FARRAM         

        CLASS   HEAP           

        CLASS   STACK          



SEGMENTS        Name                           Load    Length   Top    Selector   Space  Class

                reset_vec                      000000  000004  000004         0       0  CODE    
                cstackCOMRAM                   000001  00005F  000060         1       1  COMRAM  
                cstackBANK0                    000060  00008C  0000EC        60       1  BANK0   
                bssBANK1                       000100  000050  000150       100       1  BANK1   
                smallconst                     000800  000064  000864       400       0  SMALLCON
                text5                          000864  002CA2  003506       432       0  CODE    
                init                           007FFC  000004  008000      3FFE       0  CODE    


UNUSED ADDRESS RANGES

        Name                Unused          Largest block    Delta
        BANK0            0000EC-0000FF               14
        BANK1            000150-0001FF               B0
        BANK2            000200-0002FF              100
        BANK3            000300-0003FF              100
        BANK4            000400-0004FF              100
        BANK5            000500-0005FF              100
        BANK6            000600-0006FF              100
        BANK7            000700-0007FF              100
        BIGRAM           0000EC-0000FF               14
                         000150-0007FF              6B0
        BIGSFR           000F60-000FFF               A0
        CODE             000004-0007FF              7FC
                         003506-007FFB             4AF6
        CONST            000004-0007FF              7FC
                         003506-007FFB             4AF6
        EEDATA           F00000-F000FF              100
        IDLOC            200000-200007                8
        MEDIUMCONST      003506-007FFB             4AF6
        RAM              0000EC-0000FF               14
                         000150-0007FF              100
        SFR              000F60-000FFF               A0
        SMALLCONST       003506-007FFB              100

                                  Symbol Table

?___fladd                   cstackCOMRAM 000001
?___fldiv                   cstackCOMRAM 000028
?___flmul                   cstackCOMRAM 00000F
?___flneg                   cstackCOMRAM 000001
?___flsub                   cstackCOMRAM 000028
?___fltol                   cstackCOMRAM 000041
?___fpclassifyf             cstackCOMRAM 000001
?___xxtofl                  cstackCOMRAM 000001
?_floorf                    cstackCOMRAM 000041
?_labs                      cstackCOMRAM 000001
?_read_prec_or_width        cstackCOMRAM 000001
?_sprintf                   cstackBANK0  000098
?_vfprintf                  cstackBANK0  000094
LCD_Char@dado               cstackCOMRAM 000003
LCD_Cmd@comando             cstackCOMRAM 000003
LCD_SetCursor@coluna        cstackCOMRAM 000004
LCD_SetCursor@linha         cstackCOMRAM 000006
LCD_SetCursor@posicao       cstackCOMRAM 000005
LCD_String@string           cstackCOMRAM 000004
Nibble@nibble               cstackCOMRAM 000002
UART_Escreve@data           cstackCOMRAM 000001
UART_Escreve_Texto@text     cstackCOMRAM 000002
_ADCON0                     (abs)        000FC2
_ADCON0bits                 (abs)        000FC2
_ADCON1                     (abs)        000FC1
_ADCON2                     (abs)        000FC0
_ADRESH                     (abs)        000FC4
_ADRESL                     (abs)        000FC3
_CCP1CON                    (abs)        000FBD
_CCP1CONbits                (abs)        000FBD
_CCPR1L                     (abs)        000FBE
_LATBbits                   (abs)        000F8A
_LATDbits                   (abs)        000F8C
_LATE                       (abs)        000F8D
_LATEbits                   (abs)        000F8D
_LCD_Char                   text27       0034AE
_LCD_Clear                  text30       0034C4
_LCD_Cmd                    text31       0034DA
_LCD_Init                   text29       002DC0
_LCD_SetCursor              text28       00343E
_LCD_String                 text26       0031CA
_Nibble                     text32       00308E
_PR2                        (abs)        000FCB
_RCSTAbits                  (abs)        000FAB
_SPBRG                      (abs)        000FAF
_SPBRGH                     (abs)        000FB0
_T2CON                      (abs)        000FCA
_TRISBbits                  (abs)        000F93
_TRISCbits                  (abs)        000F94
_TRISD                      (abs)        000F95
_TRISE                      (abs)        000F96
_TXREG                      (abs)        000FAD
_TXSTAbits                  (abs)        000FAC
_UART_Escreve               text25       003498
_UART_Escreve_Texto         text24       00316C
__HRAM                      (abs)        000000
__H__absolute__             __absolute__ 000000
__Habs1                     abs1         000000
__Hbank0                    bank0        000000
__Hbank1                    bank1        000000
__Hbank2                    bank2        000000
__Hbank3                    bank3        000000
__Hbank4                    bank4        000000
__Hbank5                    bank5        000000
__Hbank6                    bank6        000000
__Hbank7                    bank7        000000
__Hbigbss                   bigbss       000000
__Hbigdata                  bigdata      000000
__Hbigram                   bigram       000000
__Hbigsfr                   bigsfr       000000
__Hbss                      bss          000000
__HbssBANK0                 bssBANK0     000000
__HbssBANK1                 bssBANK1     000000
__Hcinit                    cinit        000000
__Hclrtext                  clrtext      000000
__Hcomram                   comram       000000
__Hconfig                   config       30000E
__Hconst                    const        000000
__HcstackBANK0              cstackBANK0  000000
__HcstackCOMRAM             cstackCOMRAM 000000
__Hdata                     data         000000
__Heeprom_data              eeprom_data  000000
__Hfarbss                   farbss       000000
__Hfardata                  fardata      000000
__Hheap                     heap         000000
__Hibigdata                 ibigdata     000000
__Hidata                    idata        000000
__Hidloc                    idloc        000000
__Hifardata                 ifardata     000000
__Hinit                     init         008000
__Hintcode                  intcode      000008
__Hintcode_body             intcode_body 000000
__Hintcodelo                intcodelo    000018
__Hintentry                 intentry     000000
__Hintret                   intret       000000
__Hintsave_regs             intsave_regs 000000
__Hirdata                   irdata       000000
__Hmediumconst              mediumconst  000000
__HnvFARRAM                 nvFARRAM     000000
__Hnvbit                    nvbit        000000
__Hnvrram                   nvrram       000000
__Hparam                    rparam       000000
__Hpowerup                  powerup      000000
__Hram                      ram          000000
__Hramtop                   ramtop       000800
__Hrbit                     rbit         000000
__Hrbss                     rbss         000000
__Hrdata                    rdata        000000
__Hreset_vec                reset_vec    000004
__Hrparam                   rparam       000000
__Hsfr                      sfr          000000
__Hsivt_hi                  sivt_hi      000000
__Hsivt_lo                  sivt_lo      000018
__Hsmallconst               smallconst   000864
__Hspace_0                  (abs)        008000
__Hspace_1                  (abs)        000150
__Hspace_2                  (abs)        000000
__Hspace_4                  (abs)        60000E
__Hstack                    stack        000000
__Hstruct                   struct       000000
__Htemp                     temp         000000
__Htext                     text         000000
__Htext0                    text0        000000
__Htext1                    text1        000000
__Htext10                   text10       000000
__Htext11                   text11       000000
__Htext12                   text12       000000
__Htext13                   text13       000000
__Htext14                   text14       000000
__Htext15                   text15       000000
__Htext16                   text16       000000
__Htext17                   text17       000000
__Htext18                   text18       000000
__Htext19                   text19       000000
__Htext2                    text2        000000
__Htext20                   text20       000000
__Htext21                   text21       000000
__Htext22                   text22       000000
__Htext23                   text23       000000
__Htext24                   text24       000000
__Htext25                   text25       000000
__Htext26                   text26       000000
__Htext27                   text27       000000
__Htext28                   text28       000000
__Htext29                   text29       000000
__Htext3                    text3        000000
__Htext30                   text30       000000
__Htext31                   text31       000000
__Htext32                   text32       000000
__Htext33                   text33       000000
__Htext4                    text4        000000
__Htext5                    text5        000000
__Htext6                    text6        000000
__Htext7                    text7        000000
__Htext8                    text8        000000
__Htext9                    text9        000000
__LRAM                      (abs)        000001
__L__absolute__             __absolute__ 000000
__Labs1                     abs1         000000
__Lbank0                    bank0        000000
__Lbank1                    bank1        000000
__Lbank2                    bank2        000000
__Lbank3                    bank3        000000
__Lbank4                    bank4        000000
__Lbank5                    bank5        000000
__Lbank6                    bank6        000000
__Lbank7                    bank7        000000
__Lbigbss                   bigbss       000000
__Lbigdata                  bigdata      000000
__Lbigram                   bigram       000000
__Lbigsfr                   bigsfr       000000
__Lbss                      bss          000000
__LbssBANK0                 bssBANK0     000000
__LbssBANK1                 bssBANK1     000000
__Lcinit                    cinit        000000
__Lclrtext                  clrtext      000000
__Lcomram                   comram       000000
__Lconfig                   config       000000
__Lconst                    const        000000
__LcstackBANK0              cstackBANK0  000000
__LcstackCOMRAM             cstackCOMRAM 000000
__Ldata                     data         000000
__Leeprom_data              eeprom_data  000000
__Lfarbss                   farbss       000000
__Lfardata                  fardata      000000
__Lheap                     heap         000000
__Libigdata                 ibigdata     000000
__Lidata                    idata        000000
__Lidloc                    idloc        000000
__Lifardata                 ifardata     000000
__Linit                     init         007FFC
__Lintcode                  intcode      000008
__Lintcode_body             intcode_body 000000
__Lintcodelo                intcodelo    000018
__Lintentry                 intentry     000000
__Lintret                   intret       000000
__Lintsave_regs             intsave_regs 000000
__Lirdata                   irdata       000000
__Lmediumconst              mediumconst  000000
__LnvFARRAM                 nvFARRAM     000000
__Lnvbit                    nvbit        000000
__Lnvrram                   nvrram       000000
__Lparam                    rparam       000000
__Lpowerup                  powerup      000000
__Lram                      ram          000000
__Lramtop                   ramtop       000800
__Lrbit                     rbit         000000
__Lrbss                     rbss         000000
__Lrdata                    rdata        000000
__Lreset_vec                reset_vec    000000
__Lrparam                   rparam       000000
__Lsfr                      sfr          000000
__Lsivt_hi                  sivt_hi      000000
__Lsivt_lo                  sivt_lo      000018
__Lsmallconst               smallconst   000800
__Lspace_0                  (abs)        000000
__Lspace_1                  (abs)        000000
__Lspace_2                  (abs)        000000
__Lspace_4                  (abs)        000000
__Lstack                    stack        000000
__Lstruct                   struct       000000
__Ltemp                     temp         000000
__Ltext                     text         000000
__Ltext0                    text0        000000
__Ltext1                    text1        000000
__Ltext10                   text10       000000
__Ltext11                   text11       000000
__Ltext12                   text12       000000
__Ltext13                   text13       000000
__Ltext14                   text14       000000
__Ltext15                   text15       000000
__Ltext16                   text16       000000
__Ltext17                   text17       000000
__Ltext18                   text18       000000
__Ltext19                   text19       000000
__Ltext2                    text2        000000
__Ltext20                   text20       000000
__Ltext21                   text21       000000
__Ltext22                   text22       000000
__Ltext23                   text23       000000
__Ltext24                   text24       000000
__Ltext25                   text25       000000
__Ltext26                   text26       000000
__Ltext27                   text27       000000
__Ltext28                   text28       000000
__Ltext29                   text29       000000
__Ltext3                    text3        000000
__Ltext30                   text30       000000
__Ltext31                   text31       000000
__Ltext32                   text32       000000
__Ltext33                   text33       000000
__Ltext4                    text4        000000
__Ltext5                    text5        000000
__Ltext6                    text6        000000
__Ltext7                    text7        000000
__Ltext8                    text8        000000
__Ltext9                    text9        000000
__S0                        (abs)        008000
__S1                        (abs)        000150
__S4                        (abs)        000000
__S5                        (abs)        000000
___fladd                    text17       00186C
___fladd@a                  cstackCOMRAM 000005
___fladd@aexp               cstackCOMRAM 00000E
___fladd@b                  cstackCOMRAM 000001
___fladd@bexp               cstackCOMRAM 00000F
___fladd@grs                cstackCOMRAM 000010
___fladd@signs              cstackCOMRAM 00000D
___fldiv                    text22       002148
___fldiv@a                  cstackCOMRAM 00002C
___fldiv@aexp               cstackCOMRAM 000040
___fldiv@b                  cstackCOMRAM 000028
___fldiv@bexp               cstackCOMRAM 00003F
___fldiv@grs                cstackCOMRAM 00003B
___fldiv@new_exp            cstackCOMRAM 000039
___fldiv@rem                cstackCOMRAM 000034
___fldiv@sign               cstackCOMRAM 000038
___fleq                     text21       002F40
___fleq@ff1                 cstackCOMRAM 000001
___fleq@ff2                 cstackCOMRAM 000005
___flge                     text20       002BBE
___flge@ff1                 cstackCOMRAM 000028
___flge@ff2                 cstackCOMRAM 00002C
___flmul                    text19       001D22
___flmul@a                  cstackCOMRAM 000013
___flmul@aexp               cstackCOMRAM 000020
___flmul@b                  cstackCOMRAM 00000F
___flmul@bexp               cstackCOMRAM 000021
___flmul@grs                cstackCOMRAM 00001C
___flmul@prod               cstackCOMRAM 000022
___flmul@sign               cstackCOMRAM 00001B
___flmul@temp               cstackCOMRAM 000026
___flneg                    text18       003406
___flneg@f1                 cstackCOMRAM 000001
___flsub                    text16       0032CE
___flsub@a                  cstackCOMRAM 00002C
___flsub@b                  cstackCOMRAM 000028
___fltol                    text15       002AB8
___fltol@exp1               cstackCOMRAM 00004A
___fltol@f1                 cstackCOMRAM 000041
___fltol@sign1              cstackCOMRAM 000049
___fpclassifyf              text14       002CC2
___fpclassifyf@F465         bssBANK0     0000E3
___fpclassifyf@e            cstackCOMRAM 000009
___fpclassifyf@u            cstackCOMRAM 00000B
___fpclassifyf@x            cstackCOMRAM 000001
___heap_hi                  (abs)        000000
___heap_lo                  (abs)        000000
___inthi_sp                 stack        000000
___inthi_stack_hi           stack        000000
___inthi_stack_lo           stack        000000
___intlo_sp                 stack        000000
___intlo_stack_hi           stack        000000
___intlo_stack_lo           stack        000000
___param_bank               (abs)        000000
___rparam_used              (abs)        000001
___sp                       stack        000000
___stack_hi                 stack        000000
___stack_lo                 stack        000000
___xxtofl                   text23       002904
___xxtofl@arg               cstackCOMRAM 00000B
___xxtofl@exp               cstackCOMRAM 00000A
___xxtofl@sign              cstackCOMRAM 000009
___xxtofl@val               cstackCOMRAM 000001
__accesstop                 (abs)        000060
__activetblptr              (abs)        000002
__end_of_LCD_Char           text27       0034C4
__end_of_LCD_Clear          text30       0034DA
__end_of_LCD_Cmd            text31       0034F0
__end_of_LCD_Init           text29       002E96
__end_of_LCD_SetCursor      text28       003476
__end_of_LCD_String         text26       003228
__end_of_Nibble             text32       003106
__end_of_UART_Escreve       text25       0034AE
__end_of_UART_Escreve_Texto text24       0031CA
__end_of___fladd            text17       001D22
__end_of___fldiv            text22       0024D8
__end_of___fleq             text21       002FEA
__end_of___flge             text20       002CC2
__end_of___flmul            text19       002148
__end_of___flneg            text18       00343E
__end_of___flsub            text16       003314
__end_of___fltol            text15       002BBE
__end_of___fpclassifyf      text14       002DC0
__end_of___xxtofl           text23       002AB8
__end_of__initialization    cinit        00348E
__end_of_efgtoa             text5        0012B2
__end_of_enable             text33       003504
__end_of_floorf             text13       002904
__end_of_fputc              text9        002F40
__end_of_fputs              text8        003394
__end_of_labs               text12       00327E
__end_of_main               text0        00186C
__end_of_memcpy             text11       0032CE
__end_of_pad                text7        00316C
__end_of_putch              text10       003506
__end_of_read_prec_or_width text4        00308E
__end_of_sprintf            text1        003406
__end_of_strcpy             text6        0033CE
__end_of_vfpfcnvrt          text3        0026F2
__end_of_vfprintf           text2        003354
__initialization            cinit        003476
__mediumconst               smallconst   000800
__pbssBANK0                 bssBANK0     0000DF
__pbssBANK1                 bssBANK1     000100
__pcinit                    cinit        003476
__pcstackBANK0              cstackBANK0  000060
__pcstackCOMRAM             cstackCOMRAM 000001
__psmallconst               smallconst   000800
__ptext0                    text0        0012B2
__ptext1                    text1        0033CE
__ptext10                   text10       003504
__ptext11                   text11       00327E
__ptext12                   text12       003228
__ptext13                   text13       0026F2
__ptext14                   text14       002CC2
__ptext15                   text15       002AB8
__ptext16                   text16       0032CE
__ptext17                   text17       00186C
__ptext18                   text18       003406
__ptext19                   text19       001D22
__ptext2                    text2        003314
__ptext20                   text20       002BBE
__ptext21                   text21       002F40
__ptext22                   text22       002148
__ptext23                   text23       002904
__ptext24                   text24       00316C
__ptext25                   text25       003498
__ptext26                   text26       0031CA
__ptext27                   text27       0034AE
__ptext28                   text28       00343E
__ptext29                   text29       002DC0
__ptext3                    text3        0024D8
__ptext30                   text30       0034C4
__ptext31                   text31       0034DA
__ptext32                   text32       00308E
__ptext33                   text33       0034F0
__ptext4                    text4        002FEA
__ptext5                    text5        000864
__ptext6                    text6        003394
__ptext7                    text7        003106
__ptext8                    text8        003354
__ptext9                    text9        002E96
__ramtop                    ramtop       000800
__smallconst                smallconst   000800
_dbuf                       bssBANK1     000100
_efgtoa                     text5        000864
_efgtoa$1142                cstackBANK0  000066
_enable                     text33       0034F0
_flags                      bssBANK0     0000EB
_floorf                     text13       0026F2
_fputc                      text9        002E96
_fputs                      text8        003354
_labs                       text12       003228
_main                       text0        0012B2
_main$1466                  cstackBANK0  0000C4
_main$1467                  cstackBANK0  0000C8
_main$1468                  cstackBANK0  0000CC
_memcpy                     text11       00327E
_pad                        text7        003106
_prec                       bssBANK0     0000E9
_putch                      text10       003504
_read_prec_or_width         text4        002FEA
_sprintf                    text1        0033CE
_strcpy                     text6        003394
_vfpfcnvrt                  text3        0024D8
_vfprintf                   text2        003314
_width                      bssBANK0     0000E7
efgtoa@c                    cstackCOMRAM 00005A
efgtoa@d                    cstackBANK0  00006B
efgtoa@e                    cstackBANK0  00006F
efgtoa@f                    cstackCOMRAM 000056
efgtoa@fp                   cstackCOMRAM 000055
efgtoa@g                    cstackBANK0  000082
efgtoa@h                    cstackBANK0  000077
efgtoa@i                    cstackBANK0  00007F
efgtoa@l                    cstackBANK0  00007B
efgtoa@m                    cstackBANK0  00006D
efgtoa@mode                 cstackBANK0  000069
efgtoa@n                    cstackBANK0  000086
efgtoa@ne                   cstackBANK0  000060
efgtoa@nmode                cstackBANK0  00006A
efgtoa@ou                   cstackBANK0  000073
efgtoa@p                    cstackBANK0  000062
efgtoa@pp                   cstackBANK0  000068
efgtoa@sign                 cstackBANK0  000081
efgtoa@t                    cstackBANK0  000064
efgtoa@u                    cstackBANK0  000088
efgtoa@w                    cstackBANK0  000071
end_of_initialization       cinit        00348E
floorf@F521                 bssBANK0     0000DF
floorf@e                    cstackCOMRAM 00004F
floorf@m                    cstackCOMRAM 00004B
floorf@u                    cstackCOMRAM 000051
floorf@x                    cstackCOMRAM 000041
fputc@c                     cstackCOMRAM 000001
fputc@fp                    cstackCOMRAM 000003
fputs@c                     cstackCOMRAM 00000C
fputs@fp                    cstackCOMRAM 00000B
fputs@i                     cstackCOMRAM 00000D
fputs@s                     cstackCOMRAM 000009
intlevel0                   text         000000
intlevel1                   text         000000
intlevel2                   text         000000
intlevel3                   text         000000
isa$std                     (abs)        000001
isa$xinst                   (abs)        000000
labs@a                      cstackCOMRAM 000001
main@adc                    cstackBANK0  0000DD
main@buffer                 cstackBANK0  0000AC
main@bufferPorc             cstackBANK0  0000BC
main@bufferTemp             cstackBANK0  0000C0
main@porcentagem            cstackBANK0  0000D5
main@pwmSinal               cstackBANK0  0000D4
main@temperatura            cstackBANK0  0000D9
main@tensao                 cstackBANK0  0000D0
memcpy@d                    cstackCOMRAM 000007
memcpy@d1                   cstackCOMRAM 000001
memcpy@n                    cstackCOMRAM 000005
memcpy@s                    cstackCOMRAM 000009
memcpy@s1                   cstackCOMRAM 000003
memcpy@tmp                  cstackCOMRAM 00000B
pad@buf                     cstackCOMRAM 000010
pad@fp                      cstackCOMRAM 00000F
pad@i                       cstackCOMRAM 000015
pad@p                       cstackCOMRAM 000012
read_prec_or_width@ap       cstackCOMRAM 000002
read_prec_or_width@c        cstackCOMRAM 000005
read_prec_or_width@fmt      cstackCOMRAM 000001
read_prec_or_width@n        cstackCOMRAM 000006
sprintf@ap                  cstackBANK0  00009E
sprintf@f                   cstackBANK0  00009F
sprintf@fmt                 cstackBANK0  000099
sprintf@s                   cstackBANK0  000098
stackhi                     (abs)        000000
stacklo                     (abs)        000000
start                       init         007FFC
start_initialization        cinit        003476
strcpy@d                    cstackCOMRAM 000005
strcpy@dest                 cstackCOMRAM 000001
strcpy@src                  cstackCOMRAM 000003
vfpfcnvrt@ap                cstackCOMRAM 00005F
vfpfcnvrt@c                 cstackBANK0  000092
vfpfcnvrt@convarg           cstackBANK0  00008D
vfpfcnvrt@cp                cstackBANK0  000093
vfpfcnvrt@done              cstackBANK0  000091
vfpfcnvrt@fmt               cstackCOMRAM 00005E
vfpfcnvrt@fp                cstackCOMRAM 00005D
vfprintf@ap                 cstackBANK0  000096
vfprintf@cfmt               cstackBANK0  000097
vfprintf@fmt                cstackBANK0  000095
vfprintf@fp                 cstackBANK0  000094


MODULE INFORMATION

Module		Function		Class		Link	Load	Size
C:\Program Files\Microchip\xc8\v3.00\pic\sources\c99\common\flge.c
		___flge        		CODE           	2BBE	0000	260

C:\Program Files\Microchip\xc8\v3.00\pic\sources\c99\common\flge.c estimated size: 260

C:\Program Files\Microchip\xc8\v3.00\pic\sources\c99\common\nf_fputc.c
		_fputc         		CODE           	2E96	0000	170

C:\Program Files\Microchip\xc8\v3.00\pic\sources\c99\common\nf_fputc.c estimated size: 170

C:\Program Files\Microchip\xc8\v3.00\pic\sources\c99\common\memcpy.c
		_memcpy        		CODE           	327E	0000	80

C:\Program Files\Microchip\xc8\v3.00\pic\sources\c99\common\memcpy.c estimated size: 80

C:\Program Files\Microchip\xc8\v3.00\pic\sources\c99\common\flneg.c
		___flneg       		CODE           	3406	0000	56

C:\Program Files\Microchip\xc8\v3.00\pic\sources\c99\common\flneg.c estimated size: 56

C:\Program Files\Microchip\xc8\v3.00\pic\sources\c99\common\__fpclassifyf.c
		___fpclassifyf 		CODE           	2CC2	0000	254

C:\Program Files\Microchip\xc8\v3.00\pic\sources\c99\common\__fpclassifyf.c estimated size: 254

C:\Program Files\Microchip\xc8\v3.00\pic\sources\c99\common\nf_sprintf.c
		_sprintf       		CODE           	33CE	0000	56

C:\Program Files\Microchip\xc8\v3.00\pic\sources\c99\common\nf_sprintf.c estimated size: 56

project.c
		_UART_Escreve_Texto		CODE           	316C	0000	94
		_main          		CODE           	12B2	0000	1466
		_UART_Escreve  		CODE           	3498	0000	22

project.c estimated size: 1582

C:\Program Files\Microchip\xc8\v3.00\pic\sources\c99\common\floorf.c
		_floorf        		CODE           	26F2	0000	530

C:\Program Files\Microchip\xc8\v3.00\pic\sources\c99\common\floorf.c estimated size: 530

C:\Program Files\Microchip\xc8\v3.00\pic\sources\c99\common\putch.c
		_putch         		CODE           	3504	0000	2

C:\Program Files\Microchip\xc8\v3.00\pic\sources\c99\common\putch.c estimated size: 2

C:\Program Files\Microchip\xc8\v3.00\pic\sources\c99\common\fleq.c
		___fleq        		CODE           	2F40	0000	170

C:\Program Files\Microchip\xc8\v3.00\pic\sources\c99\common\fleq.c estimated size: 170

C:\Program Files\Microchip\xc8\v3.00\pic\sources\c99\common\sprcmul.c
		___flmul       		CODE           	1D22	0000	1062

C:\Program Files\Microchip\xc8\v3.00\pic\sources\c99\common\sprcmul.c estimated size: 1062

C:\Program Files\Microchip\xc8\v3.00\pic\sources\c99\common\sprcdiv.c
		___fldiv       		CODE           	2148	0000	912

C:\Program Files\Microchip\xc8\v3.00\pic\sources\c99\common\sprcdiv.c estimated size: 912

shared
		__initialization		CODE           	3476	0000	24

shared estimated size: 24

C:\Program Files\Microchip\xc8\v3.00\pic\sources\c99\common\xxtofl.c
		___xxtofl      		CODE           	2904	0000	436

C:\Program Files\Microchip\xc8\v3.00\pic\sources\c99\common\xxtofl.c estimated size: 436

C:\Program Files\Microchip\xc8\v3.00\pic\sources\c99\common\nf_fputs.c
		_fputs         		CODE           	3354	0000	64

C:\Program Files\Microchip\xc8\v3.00\pic\sources\c99\common\nf_fputs.c estimated size: 64

C:\Program Files\Microchip\xc8\v3.00\pic\sources\c99\common\strcpy.c
		_strcpy        		CODE           	3394	0000	58

C:\Program Files\Microchip\xc8\v3.00\pic\sources\c99\common\strcpy.c estimated size: 58

C:\Program Files\Microchip\xc8\v3.00\pic\sources\c99\common\fltol.c
		___fltol       		CODE           	2AB8	0000	262

C:\Program Files\Microchip\xc8\v3.00\pic\sources\c99\common\fltol.c estimated size: 262

C:\Program Files\Microchip\xc8\v3.00\pic\sources\c99\common\labs.c
		_labs          		CODE           	3228	0000	86

C:\Program Files\Microchip\xc8\v3.00\pic\sources\c99\common\labs.c estimated size: 86

C:\Program Files\Microchip\xc8\v3.00\pic\sources\c99\common\doprnt.c
		_read_prec_or_width		CODE           	2FEA	0000	164
		_vfpfcnvrt     		CODE           	24D8	0000	538
		_efgtoa        		CODE           	0864	0000	2638
		_pad           		CODE           	3106	0000	102
		_vfprintf      		CODE           	3314	0000	64

C:\Program Files\Microchip\xc8\v3.00\pic\sources\c99\common\doprnt.c estimated size: 3506

C:\Program Files\Microchip\xc8\v3.00\pic\sources\c99\common\sprcadd.c
		___flsub       		CODE           	32CE	0000	70
		___fladd       		CODE           	186C	0000	1206

C:\Program Files\Microchip\xc8\v3.00\pic\sources\c99\common\sprcadd.c estimated size: 1276

LCD.c
		_LCD_String    		CODE           	31CA	0000	94
		_LCD_Init      		CODE           	2DC0	0000	214
		_Nibble        		CODE           	308E	0000	120
		_LCD_Cmd       		CODE           	34DA	0000	22
		_LCD_SetCursor 		CODE           	343E	0000	56
		_enable        		CODE           	34F0	0000	20
		_LCD_Char      		CODE           	34AE	0000	22
		_LCD_Clear     		CODE           	34C4	0000	22

LCD.c estimated size: 570

