Microchip MPLAB XC8 Compiler V3.00

Linker command line:

-W-3 \
  --edf=C:\Program Files\Microchip\xc8\v3.00\pic\dat\20241204225717_en.msgs \
  -cn -h+dist/default/production\project.X.production.sym \
  --cmf=dist/default/production\project.X.production.cmf -z -Q18F4550 \
  -oC:\Users\igrej\AppData\Local\Temp\xcAsgp4.\driver_tmp_3.o \
  --defsym=__MPLAB_BUILD=1 --fixupoverflow=error \
  -Mdist/default/production/project.X.production.map \
  --md=C:\Users\igrej\AppData\Local\Temp\xcAsgp4.\driver_tmp_0.dat -E1 \
  -ver=XC8 Compiler -ACODE=00h-07FFFh -ACONST=00h-07FFFh \
  -ASMALLCONST=0800h-08FFhx120 -AMEDIUMCONST=0800h-07FFFh -ACOMRAM=01h-05Fh \
  -AABS1=00h-07FFh -ABIGRAM=01h-07FFh -ARAM=060h-0FFh,0100h-01FFhx7 \
  -ABANK0=060h-0FFh -ABANK1=0100h-01FFh -ABANK2=0200h-02FFh \
  -ABANK3=0300h-03FFh -ABANK4=0400h-04FFh -ABANK5=0500h-05FFh \
  -ABANK6=0600h-06FFh -ABANK7=0700h-07FFh -ASFR=0F60h-0FFFh \
  -ABIGSFR=0F60h-0FFFh -ACONFIG=0300000h-030000Dh -AIDLOC=0200000h-0200007h \
  -AEEDATA=0F00000h-0F000FFh -peeprom_data=EEDATA \
  -preset_vec=00h,intcode=8h,intcodelo=18h,sivt_lo,sivt_hi=CODE \
  -ppowerup=CODE,init -pramtop=0800h -psmallconst=SMALLCONST \
  -pmediumconst=MEDIUMCONST -pconst=CONST -AFARRAM=00h-00h \
  -prdata=COMRAM,nvrram=COMRAM,nvbit=COMRAM,rbss=COMRAM,rbit=COMRAM \
  -pfarbss=FARRAM,fardata=FARRAM,nvFARRAM=FARRAM \
  -pintsave_regs=BIGRAM,bigbss=BIGRAM,bigdata=BIGRAM -pbss=RAM \
  -pidata=CODE,irdata=CODE,ibigdata=CODE,ifardata=CODE -prparam=COMRAM \
  C:\Users\igrej\AppData\Local\Temp\xcAsgp4.\driver_tmp_9.o \
  dist/default/production\project.X.production.o 

Object code version is 3.11

Machine type is 18F4550



                Name                               Link     Load   Length Selector   Space Scale
C:\Users\igrej\AppData\Local\Temp\xcAsgp4.\driver_tmp_9.o
                config                           300000   300000        E        0       4
                init                                 80       80        4        C       0
                reset_vec                             0        0        4        0       0
dist/default/production\project.X.production.o
                intcodelo                            18       18       68        C       0
                intcode                               8        8        6        4       0
                config                           300000   300000        E        0       4
                temp                                 1A       1A        1        1       1
                smallconst                          800      800       14      400       0
                intcode_body                        CB0      CB0       54      40A       0
                text9                               DC6      DC6       14      40A       0
                text8                               9F2      9F2       D6      40A       0
                text7                               C38      C38       78      40A       0
                text6                               DB0      DB0       16      40A       0
                text5                               D04      D04       38      40A       0
                text4                               D9A      D9A       16      40A       0
                text3                               D6E      D6E       2C      40A       0
                text2                               AC8      AC8       C2      40A       0
                text1                               B8A      B8A       AE      40A       0
                text0                               814      814      1DE      40A       0
                cstackCOMRAM                          1        1       13        1       1
                dataCOMRAM                           14       14        6        1       1
                cinit                               D3C      D3C       32      40A       0
                idataCOMRAM                         DDA      DDA        6      40A       0

TOTAL           Name                               Link     Load   Length     Space
        CLASS   CODE           
                intcodelo                            18       18       68         0
                intcode                               8        8        6         0
                init                                 80       80        4         0
                reset_vec                             0        0        4         0
                intcode_body                        CB0      CB0       54         0
                text9                               DC6      DC6       14         0
                text8                               9F2      9F2       D6         0
                text7                               C38      C38       78         0
                text6                               DB0      DB0       16         0
                text5                               D04      D04       38         0
                text4                               D9A      D9A       16         0
                text3                               D6E      D6E       2C         0
                text2                               AC8      AC8       C2         0
                text1                               B8A      B8A       AE         0
                text0                               814      814      1DE         0
                cinit                               D3C      D3C       32         0
                idataCOMRAM                         DDA      DDA        6         0

        CLASS   CONST          

        CLASS   SMALLCONST     
                smallconst                          800      800       14         0

        CLASS   MEDIUMCONST    

        CLASS   COMRAM         
                temp                                 1A       1A        1         1
                cstackCOMRAM                          1        1       13         1
                dataCOMRAM                           14       14        6         1

        CLASS   ABS1           

        CLASS   BIGRAM         

        CLASS   RAM            

        CLASS   BANK0          

        CLASS   BANK1          

        CLASS   BANK2          

        CLASS   BANK3          

        CLASS   BANK4          

        CLASS   BANK5          

        CLASS   BANK6          

        CLASS   BANK7          

        CLASS   SFR            

        CLASS   BIGSFR         

        CLASS   CONFIG         
                config                           300000   300000        E         4

        CLASS   IDLOC          

        CLASS   EEDATA         

        CLASS   FARRAM         

        CLASS   HEAP           

        CLASS   STACK          



SEGMENTS        Name                           Load    Length   Top    Selector   Space  Class

                reset_vec                      000000  000004  000004         0       0  CODE    
                cstackCOMRAM                   000001  00001A  00001B         1       1  COMRAM  
                intcode                        000008  000006  00000E         4       0  CODE    
                intcodelo                      000018  00006C  000084         C       0  CODE    
                smallconst                     000800  000014  000814       400       0  SMALLCON
                text0                          000814  0005CC  000DE0       40A       0  CODE    


UNUSED ADDRESS RANGES

        Name                Unused          Largest block    Delta
        BANK0            000060-0000FF               A0
        BANK1            000100-0001FF              100
        BANK2            000200-0002FF              100
        BANK3            000300-0003FF              100
        BANK4            000400-0004FF              100
        BANK5            000500-0005FF              100
        BANK6            000600-0006FF              100
        BANK7            000700-0007FF              100
        BIGRAM           00001B-0007FF              7E5
        BIGSFR           000F60-000FFF               A0
        CODE             000004-000007                4
                         00000E-000017                A
                         000084-0007FF              77C
                         000DE0-007FFF             7220
        COMRAM           00001B-00005F               45
        CONST            000004-000007                4
                         00000E-000017                A
                         000084-0007FF              77C
                         000DE0-007FFF             7220
        EEDATA           F00000-F000FF              100
        IDLOC            200000-200007                8
        MEDIUMCONST      000DE0-007FFF             7220
        RAM              000060-0007FF              100
        SFR              000F60-000FFF               A0
        SMALLCONST       000DE0-007FFF              100

                                  Symbol Table

?___awdiv                cstackCOMRAM 000004
?___awmod                cstackCOMRAM 000004
LCD_Char@dado            cstackCOMRAM 000006
LCD_Cmd@comando          cstackCOMRAM 000006
LCD_SetCursor@coluna     cstackCOMRAM 000007
LCD_SetCursor@linha      cstackCOMRAM 000009
LCD_SetCursor@posicao    cstackCOMRAM 000008
LCD_String@string        cstackCOMRAM 000007
Nibble@nibble            cstackCOMRAM 000005
_HighPriorityISR         intcode      000008
_INTCON2bits             (abs)        000FF1
_INTCON3bits             (abs)        000FF0
_INTCONbits              (abs)        000FF2
_LATDbits                (abs)        000F8C
_LATE                    (abs)        000F8D
_LATEbits                (abs)        000F8D
_LCD_Char                text4        000D9A
_LCD_Cmd                 text6        000DB0
_LCD_Init                text8        0009F2
_LCD_SetCursor           text5        000D04
_LCD_String              text3        000D6E
_LowPriorityISR          intcodelo    000018
_Nibble                  text7        000C38
_RCONbits                (abs)        000FD0
_TRISB                   (abs)        000F93
_TRISD                   (abs)        000F95
_TRISE                   (abs)        000F96
__HRAM                   (abs)        000000
__H__absolute__          __absolute__ 000000
__Habs1                  abs1         000000
__Hbank0                 bank0        000000
__Hbank1                 bank1        000000
__Hbank2                 bank2        000000
__Hbank3                 bank3        000000
__Hbank4                 bank4        000000
__Hbank5                 bank5        000000
__Hbank6                 bank6        000000
__Hbank7                 bank7        000000
__Hbigbss                bigbss       000000
__Hbigdata               bigdata      000000
__Hbigram                bigram       000000
__Hbigsfr                bigsfr       000000
__Hbss                   bss          000000
__Hcinit                 cinit        000000
__Hclrtext               clrtext      000000
__Hcomram                comram       000000
__Hconfig                config       30000E
__Hconst                 const        000000
__HcstackCOMRAM          cstackCOMRAM 000000
__Hdata                  data         000000
__HdataCOMRAM            dataCOMRAM   000000
__Heeprom_data           eeprom_data  000000
__Hfarbss                farbss       000000
__Hfardata               fardata      000000
__Hheap                  heap         000000
__Hibigdata              ibigdata     000000
__Hidata                 idata        000000
__HidataCOMRAM           idataCOMRAM  000000
__Hidloc                 idloc        000000
__Hifardata              ifardata     000000
__Hinit                  init         000084
__Hintcode               intcode      00000E
__Hintcode_body          intcode_body 000000
__Hintcodelo             intcodelo    000080
__Hintentry              intentry     000000
__Hintret                intret       000000
__Hintsave_regs          intsave_regs 000000
__Hirdata                irdata       000000
__Hmediumconst           mediumconst  000000
__HnvFARRAM              nvFARRAM     000000
__Hnvbit                 nvbit        000000
__Hnvrram                nvrram       000000
__Hparam                 rparam       000000
__Hpowerup               powerup      000000
__Hram                   ram          000000
__Hramtop                ramtop       000800
__Hrbit                  rbit         000000
__Hrbss                  rbss         000000
__Hrdata                 rdata        000000
__Hreset_vec             reset_vec    000004
__Hrparam                rparam       000000
__Hsfr                   sfr          000000
__Hsivt_hi               sivt_hi      000000
__Hsivt_lo               sivt_lo      000080
__Hsmallconst            smallconst   000814
__Hspace_0               (abs)        000DE0
__Hspace_1               (abs)        00001B
__Hspace_2               (abs)        000000
__Hspace_4               (abs)        60000E
__Hstack                 stack        000000
__Hstruct                struct       000000
__Htemp                  temp         00001B
__Htext                  text         000000
__Htext0                 text0        000000
__Htext1                 text1        000000
__Htext2                 text2        000000
__Htext3                 text3        000000
__Htext4                 text4        000000
__Htext5                 text5        000000
__Htext6                 text6        000000
__Htext7                 text7        000000
__Htext8                 text8        000000
__Htext9                 text9        000000
__LRAM                   (abs)        000001
__L__absolute__          __absolute__ 000000
__Labs1                  abs1         000000
__Lbank0                 bank0        000000
__Lbank1                 bank1        000000
__Lbank2                 bank2        000000
__Lbank3                 bank3        000000
__Lbank4                 bank4        000000
__Lbank5                 bank5        000000
__Lbank6                 bank6        000000
__Lbank7                 bank7        000000
__Lbigbss                bigbss       000000
__Lbigdata               bigdata      000000
__Lbigram                bigram       000000
__Lbigsfr                bigsfr       000000
__Lbss                   bss          000000
__Lcinit                 cinit        000000
__Lclrtext               clrtext      000000
__Lcomram                comram       000000
__Lconfig                config       000000
__Lconst                 const        000000
__LcstackCOMRAM          cstackCOMRAM 000000
__Ldata                  data         000000
__LdataCOMRAM            dataCOMRAM   000000
__Leeprom_data           eeprom_data  000000
__Lfarbss                farbss       000000
__Lfardata               fardata      000000
__Lheap                  heap         000000
__Libigdata              ibigdata     000000
__Lidata                 idata        000000
__LidataCOMRAM           idataCOMRAM  000000
__Lidloc                 idloc        000000
__Lifardata              ifardata     000000
__Linit                  init         000080
__Lintcode               intcode      000008
__Lintcode_body          intcode_body 000000
__Lintcodelo             intcodelo    000018
__Lintentry              intentry     000000
__Lintret                intret       000000
__Lintsave_regs          intsave_regs 000000
__Lirdata                irdata       000000
__Lmediumconst           mediumconst  000000
__LnvFARRAM              nvFARRAM     000000
__Lnvbit                 nvbit        000000
__Lnvrram                nvrram       000000
__Lparam                 rparam       000000
__Lpowerup               powerup      000000
__Lram                   ram          000000
__Lramtop                ramtop       000800
__Lrbit                  rbit         000000
__Lrbss                  rbss         000000
__Lrdata                 rdata        000000
__Lreset_vec             reset_vec    000000
__Lrparam                rparam       000000
__Lsfr                   sfr          000000
__Lsivt_hi               sivt_hi      000000
__Lsivt_lo               sivt_lo      000080
__Lsmallconst            smallconst   000800
__Lspace_0               (abs)        000000
__Lspace_1               (abs)        000000
__Lspace_2               (abs)        000000
__Lspace_4               (abs)        000000
__Lstack                 stack        000000
__Lstruct                struct       000000
__Ltemp                  temp         00001A
__Ltext                  text         000000
__Ltext0                 text0        000000
__Ltext1                 text1        000000
__Ltext2                 text2        000000
__Ltext3                 text3        000000
__Ltext4                 text4        000000
__Ltext5                 text5        000000
__Ltext6                 text6        000000
__Ltext7                 text7        000000
__Ltext8                 text8        000000
__Ltext9                 text9        000000
__S0                     (abs)        000DE0
__S1                     (abs)        00001B
__S4                     (abs)        000000
__S5                     (abs)        000000
___awdiv                 text2        000AC8
___awdiv@counter         cstackCOMRAM 000008
___awdiv@dividend        cstackCOMRAM 000004
___awdiv@divisor         cstackCOMRAM 000006
___awdiv@quotient        cstackCOMRAM 00000A
___awdiv@sign            cstackCOMRAM 000009
___awmod                 text1        000B8A
___awmod@counter         cstackCOMRAM 000008
___awmod@dividend        cstackCOMRAM 000004
___awmod@divisor         cstackCOMRAM 000006
___awmod@sign            cstackCOMRAM 000009
___heap_hi               (abs)        000000
___heap_lo               (abs)        000000
___inthi_sp              stack        000000
___inthi_stack_hi        stack        000000
___inthi_stack_lo        stack        000000
___intlo_sp              stack        000000
___intlo_stack_hi        stack        000000
___intlo_stack_lo        stack        000000
___param_bank            (abs)        000000
___rparam_used           (abs)        000001
___sp                    stack        000000
___stack_hi              stack        000000
___stack_lo              stack        000000
__accesstop              (abs)        000060
__activetblptr           (abs)        000001
__end_of_HighPriorityISR intcode_body 000D04
__end_of_LCD_Char        text4        000DB0
__end_of_LCD_Cmd         text6        000DC6
__end_of_LCD_Init        text8        000AC8
__end_of_LCD_SetCursor   text5        000D3C
__end_of_LCD_String      text3        000D9A
__end_of_LowPriorityISR  intcodelo    000080
__end_of_Nibble          text7        000CB0
__end_of___awdiv         text2        000B8A
__end_of___awmod         text1        000C38
__end_of__initialization cinit        000D5C
__end_of_enable          text9        000DDA
__end_of_main            text0        0009F2
__initialization         cinit        000D3C
__mediumconst            smallconst   000800
__pcinit                 cinit        000D3C
__pcstackCOMRAM          cstackCOMRAM 000001
__pdataCOMRAM            dataCOMRAM   000014
__pidataCOMRAM           idataCOMRAM  000DDA
__pintcode               intcode      000008
__pintcode_body          intcode_body 000CB0
__pintcodelo             intcodelo    000018
__psmallconst            smallconst   000800
__ptext0                 text0        000814
__ptext1                 text1        000B8A
__ptext2                 text2        000AC8
__ptext3                 text3        000D6E
__ptext4                 text4        000D9A
__ptext5                 text5        000D04
__ptext6                 text6        000DB0
__ptext7                 text7        000C38
__ptext8                 text8        0009F2
__ptext9                 text9        000DC6
__ramtop                 ramtop       000800
__smallconst             smallconst   000800
_cursorInit              dataCOMRAM   000016
_enable                  text9        000DC6
_formato                 dataCOMRAM   000014
_horas                   dataCOMRAM   000019
_main                    text0        000814
_min                     dataCOMRAM   000018
_seg                     dataCOMRAM   000017
btemp                    temp         00001A
end_of_initialization    cinit        000D5C
int$flags                temp         00001A
int_func                 intcode_body 000CB0
intlevel0                text         000000
intlevel1                text         000000
intlevel2                text         000000
intlevel3                text         000000
isa$std                  (abs)        000001
isa$xinst                (abs)        000000
main@dezhoras            cstackCOMRAM 00000F
main@dezmin              cstackCOMRAM 000011
main@dezseg              cstackCOMRAM 000013
main@unihoras            cstackCOMRAM 00000E
main@unimin              cstackCOMRAM 000010
main@uniseg              cstackCOMRAM 000012
stackhi                  (abs)        000000
stacklo                  (abs)        000000
start                    init         000080
start_initialization     cinit        000D3C
ttemp5                   temp         00001B
ttemp6                   temp         00001E
ttemp7                   temp         000022
wtemp8                   temp         00001B


MODULE INFORMATION

Module		Function		Class		Link	Load	Size
C:\Program Files\Microchip\xc8\v3.00\pic\sources\c99\common\awmod.c
		___awmod       		CODE           	0B8A	0000	174

C:\Program Files\Microchip\xc8\v3.00\pic\sources\c99\common\awmod.c estimated size: 174

shared
		__initialization		CODE           	0D3C	0000	32

shared estimated size: 32

C:\Program Files\Microchip\xc8\v3.00\pic\sources\c99\common\awdiv.c
		___awdiv       		CODE           	0AC8	0000	194

C:\Program Files\Microchip\xc8\v3.00\pic\sources\c99\common\awdiv.c estimated size: 194

main.c
		_HighPriorityISR		CODE           	0008	0000	90
		_main          		CODE           	0814	0000	478
		_LowPriorityISR		CODE           	0018	0000	104

main.c estimated size: 672

LCD.c
		_LCD_String    		CODE           	0D6E	0000	44
		_LCD_Init      		CODE           	09F2	0000	214
		_Nibble        		CODE           	0C38	0000	120
		_LCD_Cmd       		CODE           	0DB0	0000	22
		_LCD_SetCursor 		CODE           	0D04	0000	56
		_enable        		CODE           	0DC6	0000	20
		_LCD_Char      		CODE           	0D9A	0000	22

LCD.c estimated size: 498

